 Container server-db-1  Running
 Container server-redis-1  Running
Creating test database for alias 'default' ('test_mohajon')...
Found 80 test(s).
Operations to perform:
  Synchronize unmigrated apps: allauth, corsheaders, dj_rest_auth, django_filters, drf_spectacular, google, messages, postgres, rest_framework, rest_framework_simplejwt, staticfiles
  Apply all migrations: account, accounting, admin, affiliates, ai, analytics, auth, authtoken, billing, catalog, chat, compliance, contenttypes, django_celery_beat, fraud, identity, marketing, mohajon_media, notifications, orders, sessions, shops, sites, socialaccount, users, webhooks
Synchronizing apps without migrations:
  Creating tables...
    Running deferred SQL...
Running migrations:
  Applying contenttypes.0001_initial... OK
  Applying contenttypes.0002_remove_content_type_name... OK
  Applying auth.0001_initial... OK
  Applying auth.0002_alter_permission_name_max_length... OK
  Applying auth.0003_alter_user_email_max_length... OK
  Applying auth.0004_alter_user_username_opts... OK
  Applying auth.0005_alter_user_last_login_null... OK
  Applying auth.0006_require_contenttypes_0002... OK
  Applying auth.0007_alter_validators_add_error_messages... OK
  Applying auth.0008_alter_user_username_max_length... OK
  Applying auth.0009_alter_user_last_name_max_length... OK
  Applying auth.0010_alter_group_name_max_length... OK
  Applying auth.0011_update_proxy_permissions... OK
  Applying auth.0012_alter_user_first_name_max_length... OK
  Applying users.0001_initial... OK
  Applying account.0001_initial... OK
  Applying account.0002_email_max_length... OK
  Applying account.0003_alter_emailaddress_create_unique_verified_email... OK
  Applying account.0004_alter_emailaddress_drop_unique_email... OK
  Applying account.0005_emailaddress_idx_upper_email... OK
  Applying account.0006_emailaddress_lower... OK
  Applying account.0007_emailaddress_idx_email... OK
  Applying account.0008_emailaddress_unique_primary_email_fixup... OK
  Applying account.0009_emailaddress_unique_primary_email... OK
  Applying shops.0001_initial... OK
  Applying orders.0001_initial... OK
  Applying accounting.0001_initial... OK
  Applying accounting.0002_initial... OK
  Applying accounting.0003_initial... OK
  Applying admin.0001_initial... OK
  Applying admin.0002_logentry_remove_auto_add... OK
  Applying admin.0003_logentry_add_action_flag_choices... OK
  Applying affiliates.0001_initial... OK
  Applying affiliates.0002_initial... OK
  Applying ai.0001_initial... OK
  Applying ai.0002_initial... OK
  Applying analytics.0001_initial... OK
  Applying authtoken.0001_initial... OK
  Applying authtoken.0002_auto_20160226_1747... OK
  Applying authtoken.0003_tokenproxy... OK
  Applying authtoken.0004_alter_tokenproxy_options... OK
  Applying billing.0001_initial... OK
  Applying billing.0002_initial... OK
  Applying billing.0003_initial... OK
  Applying mohajon_media.0001_initial... OK
  Applying mohajon_media.0002_initial... OK
  Applying catalog.0001_initial... OK
  Applying catalog.0002_initial... OK
  Applying catalog.0003_initial... OK
  Applying chat.0001_initial... OK
  Applying chat.0002_initial... OK
  Applying compliance.0001_initial... OK
  Applying compliance.0002_initial... OK
  Applying django_celery_beat.0001_initial... OK
  Applying django_celery_beat.0002_auto_20161118_0346... OK
  Applying django_celery_beat.0003_auto_20161209_0049... OK
  Applying django_celery_beat.0004_auto_20170221_0000... OK
  Applying django_celery_beat.0005_add_solarschedule_events_choices... OK
  Applying django_celery_beat.0006_auto_20180322_0932... OK
  Applying django_celery_beat.0007_auto_20180521_0826... OK
  Applying django_celery_beat.0008_auto_20180914_1922... OK
  Applying django_celery_beat.0006_auto_20180210_1226... OK
  Applying django_celery_beat.0006_periodictask_priority... OK
  Applying django_celery_beat.0009_periodictask_headers... OK
  Applying django_celery_beat.0010_auto_20190429_0326... OK
  Applying django_celery_beat.0011_auto_20190508_0153... OK
  Applying django_celery_beat.0012_periodictask_expire_seconds... OK
  Applying django_celery_beat.0013_auto_20200609_0727... OK
  Applying django_celery_beat.0014_remove_clockedschedule_enabled... OK
  Applying django_celery_beat.0015_edit_solarschedule_events_choices... OK
  Applying django_celery_beat.0016_alter_crontabschedule_timezone... OK
  Applying django_celery_beat.0017_alter_crontabschedule_month_of_year... OK
  Applying django_celery_beat.0018_improve_crontab_helptext... OK
  Applying django_celery_beat.0019_alter_periodictasks_options... OK
  Applying orders.0002_initial... OK
  Applying fraud.0001_initial... OK
  Applying fraud.0002_initial... OK
  Applying fraud.0003_initial... OK
  Applying identity.0001_initial... OK
  Applying identity.0002_initial... OK
  Applying marketing.0001_initial... OK
  Applying marketing.0002_initial... OK
  Applying mohajon_media.0003_initial... OK
  Applying notifications.0001_initial... OK
  Applying notifications.0002_initial... OK
  Applying notifications.0003_initial... OK
  Applying orders.0003_initial... OK
  Applying sessions.0001_initial... OK
  Applying shops.0002_initial... OK
  Applying sites.0001_initial... OK
  Applying sites.0002_alter_domain_unique... OK
  Applying socialaccount.0001_initial... OK
  Applying socialaccount.0002_token_max_lengths... OK
  Applying socialaccount.0003_extra_data_default_dict... OK
  Applying socialaccount.0004_app_provider_id_settings... OK
  Applying socialaccount.0005_socialtoken_nullable_app... OK
  Applying socialaccount.0006_alter_socialaccount_extra_data... OK
  Applying webhooks.0001_initial...test_admin_can_approve_pending_payout (accounting.tests.AdminSettlementApiTests.test_admin_can_approve_pending_payout) ... ok
test_admin_can_list_settlements (accounting.tests.AdminSettlementApiTests.test_admin_can_list_settlements) ... ok
test_admin_can_reject_pending_payout_and_restore_balance (accounting.tests.AdminSettlementApiTests.test_admin_can_reject_pending_payout_and_restore_balance) ... ok
test_non_admin_cannot_list_settlements (accounting.tests.AdminSettlementApiTests.test_non_admin_cannot_list_settlements) ... ok
test_list_logs_tenant_isolation (billing.tests.AIUsageLogViewSetTestCase.test_list_logs_tenant_isolation) ... ok
test_read_only (billing.tests.AIUsageLogViewSetTestCase.test_read_only) ... ok
test_ai_generate_description (catalog.tests.TestAIFacadeEndpoints.test_ai_generate_description) ... ok
test_search_vector_populated_on_save (catalog.tests.TestFTSFallback.test_search_vector_populated_on_save) ... ok
test_storefront_search_fallback (catalog.tests.TestFTSFallback.test_storefront_search_fallback) ... ok
test_create_product (catalog.tests.TestProductCRUD.test_create_product) ... ok
test_update_product (catalog.tests.TestProductCRUD.test_update_product) ... ok
test_shop_a_cannot_access_shop_b_categories (catalog.tests.TestShopIsolation.test_shop_a_cannot_access_shop_b_categories) ... ok
test_shop_a_cannot_access_shop_b_products (catalog.tests.TestShopIsolation.test_shop_a_cannot_access_shop_b_products) ... ok
test_draft_product_not_visible_in_storefront (catalog.tests.TestStorefrontVisibility.test_draft_product_not_visible_in_storefront) ... ok
test_adjust_stock_decrease_below_zero (catalog.tests.TestVariantCRUDAndStock.test_adjust_stock_decrease_below_zero) ... ok
test_adjust_stock_increase (catalog.tests.TestVariantCRUDAndStock.test_adjust_stock_increase) ... ok
test_create_variant_with_attributes (catalog.tests.TestVariantCRUDAndStock.test_create_variant_with_attributes) ... ok
test_agent_send_creates_message_and_conversation (chat.tests.AgentSendViewTestCase.test_agent_send_creates_message_and_conversation) ... ok
test_human_takeover_expiry (chat.tests.BotStateTakeoverTestCase.test_human_takeover_expiry)
The state correctly clears/resets after timeout. ... ok
test_human_takeover_prevents_ai_processing (chat.tests.BotStateTakeoverTestCase.test_human_takeover_prevents_ai_processing)
While in human handling state, inbound messages are NOT auto-processed by the AI engine. ... ok
test_human_takeover_state (chat.tests.BotStateTakeoverTestCase.test_human_takeover_state)
Triggering a takeover correctly flips the conversation into human handling state. ... ok
test_webhook_invalid_hmac (chat.tests.WebhookHMACTestCase.test_webhook_invalid_hmac)
A payload with an invalid signature is rejected with 403. ... Meta webhook: invalid HMAC signature.
ok
test_webhook_missing_hmac (chat.tests.WebhookHMACTestCase.test_webhook_missing_hmac)
A payload with a missing signature is rejected with 403. ... Meta webhook: invalid HMAC signature.
ok
test_webhook_valid_hmac (chat.tests.WebhookHMACTestCase.test_webhook_valid_hmac)
A correctly-signed payload is accepted. ... ok
test_cashier_is_forbidden_from_logs (compliance.tests.ComplianceLogsApiTests.test_cashier_is_forbidden_from_logs) ... ok
test_missing_tenant_header_is_forbidden (compliance.tests.ComplianceLogsApiTests.test_missing_tenant_header_is_forbidden) ... ok
test_owner_can_fetch_all_log_endpoints (compliance.tests.ComplianceLogsApiTests.test_owner_can_fetch_all_log_endpoints) ... ok
test_hard_delete_account_anonymizes_and_audits (compliance.tests.HardDeleteAccountServiceTests.test_hard_delete_account_anonymizes_and_audits) ... ok
test_hard_delete_requires_internal_admin (compliance.tests.HardDeleteAccountServiceTests.test_hard_delete_requires_internal_admin) ... ok
test_customer_profile_endpoint (fraud.tests.CustomerProfileApiTests.test_customer_profile_endpoint) ... ok
test_reregistration_reuses_phone_history (fraud.tests.FraudScoringTests.test_reregistration_reuses_phone_history) ... ok
test_unverified_order_does_not_affect_phone (fraud.tests.FraudScoringTests.test_unverified_order_does_not_affect_phone) ... ok
test_verified_order_affects_phone (fraud.tests.FraudScoringTests.test_verified_order_affects_phone) ... ok
test_chat_checkout_no_profile_still_creates_contact_points (identity.tests.test_checkout_flow.OrderIdentitySnapshotFlowTests.test_chat_checkout_no_profile_still_creates_contact_points)
When there is no customer_profile_id (guest chat order), ContactPoints ... ok
test_chat_checkout_populates_graph_end_to_end (identity.tests.test_checkout_flow.OrderIdentitySnapshotFlowTests.test_chat_checkout_populates_graph_end_to_end)
Chat path with phone + address + PSID creates 3 ContactPoints, 3 ... ok
test_resolution_is_idempotent (identity.tests.test_checkout_flow.OrderIdentitySnapshotFlowTests.test_resolution_is_idempotent)
Re-running the task for an already-resolved snapshot must be a no-op: ... ok
test_two_orders_same_phone_reuse_node_and_strengthen_edges (identity.tests.test_checkout_flow.OrderIdentitySnapshotFlowTests.test_two_orders_same_phone_reuse_node_and_strengthen_edges)
Two orders with identical signals share the same 3 ContactPoint nodes. ... ok
test_web_checkout_creates_snapshot_without_channel (identity.tests.test_checkout_flow.OrderIdentitySnapshotFlowTests.test_web_checkout_creates_snapshot_without_channel)
Web caller passes no shipping_address / channel — snapshot is created, ... ok
test_get_or_create_dedups_by_type_and_hash (identity.tests.test_services.ContactPointDedupTests.test_get_or_create_dedups_by_type_and_hash) ... ok
test_same_hash_different_type_are_distinct (identity.tests.test_services.ContactPointDedupTests.test_same_hash_different_type_are_distinct) ... ok
test_unique_constraint_enforced_at_db (identity.tests.test_services.ContactPointDedupTests.test_unique_constraint_enforced_at_db) ... ok
test_canonical_ordering_source_lt_target (identity.tests.test_services.ContactPointLinkTests.test_canonical_ordering_source_lt_target) ... ok
test_link_collapses_ab_and_ba_into_one_row (identity.tests.test_services.ContactPointLinkTests.test_link_collapses_ab_and_ba_into_one_row) ... ok
test_repeated_link_increments_occurrence_and_confidence (identity.tests.test_services.ContactPointLinkTests.test_repeated_link_increments_occurrence_and_confidence) ... ok
test_self_link_is_noop (identity.tests.test_services.ContactPointLinkTests.test_self_link_is_noop) ... ok
test_upsert_creates_then_increments (identity.tests.test_services.CustomerContactPointTests.test_upsert_creates_then_increments) ... ok
test_canonicalize_phone_collapses_country_code_variants (identity.tests.test_services.HashingTests.test_canonicalize_phone_collapses_country_code_variants) ... ok
test_hash_address_matches_users_address_format (identity.tests.test_services.HashingTests.test_hash_address_matches_users_address_format) ... ok
test_hash_channel_identity_distinct_space (identity.tests.test_services.HashingTests.test_hash_channel_identity_distinct_space) ... ok
test_hash_phone_identical_across_formatting (identity.tests.test_services.HashingTests.test_hash_phone_identical_across_formatting) ... ok
test_mask_phone (identity.tests.test_services.HashingTests.test_mask_phone) ... ok
test_phone_hash_is_stricter_than_phone_identity (identity.tests.test_services.HashingTests.test_phone_hash_is_stricter_than_phone_identity) ... ok
test_phone_suffix_matches_phone_identity_suffix (identity.tests.test_services.HashingTests.test_phone_suffix_matches_phone_identity_suffix) ... ok
test_checkout_create_order_locks_price_and_records_items (orders.tests.OrderCheckoutServiceTests.test_checkout_create_order_locks_price_and_records_items) ... ok
test_checkout_create_order_rejects_insufficient_stock (orders.tests.OrderCheckoutServiceTests.test_checkout_create_order_rejects_insufficient_stock) ... ok
test_checkout_create_order_stores_payment_method (orders.tests.OrderCheckoutServiceTests.test_checkout_create_order_stores_payment_method) ... ok
test_prepaid_misuse_guard_blocks_after_limit (orders.tests.OrderCheckoutServiceTests.test_prepaid_misuse_guard_blocks_after_limit) ... ok
test_transition_allows_manager_refund (orders.tests.OrderTransitionServiceTests.test_transition_allows_manager_refund) ... ok
test_transition_rejects_unknown_status (orders.tests.OrderTransitionServiceTests.test_transition_rejects_unknown_status) ... ok
test_transition_restricts_cashier_refund (orders.tests.OrderTransitionServiceTests.test_transition_restricts_cashier_refund) ... ok
test_partial_fulfillment_cancel_returns_refund_amount (orders.tests.PartialFulfillmentServiceTests.test_partial_fulfillment_cancel_returns_refund_amount) ... ok
test_partial_fulfillment_optimistic_lock_conflict (orders.tests.PartialFulfillmentServiceTests.test_partial_fulfillment_optimistic_lock_conflict) ... ok
test_partial_fulfillment_split_creates_child_order (orders.tests.PartialFulfillmentServiceTests.test_partial_fulfillment_split_creates_child_order) ... ok
test_partial_inventory_reversal_rejects_over_reversal (orders.tests.PartialFulfillmentServiceTests.test_partial_inventory_reversal_rejects_over_reversal) ... ok
test_partial_inventory_reversal_updates_stock_and_logs (orders.tests.PartialFulfillmentServiceTests.test_partial_inventory_reversal_updates_stock_and_logs) ... ok
test_partial_refund_create_records_event_and_audit (orders.tests.PartialFulfillmentServiceTests.test_partial_refund_create_records_event_and_audit) ... ok
test_partial_refund_rejects_cashier_role (orders.tests.PartialFulfillmentServiceTests.test_partial_refund_rejects_cashier_role) ... ok
test_payment_invoice_consume_cannot_reuse (orders.tests.PaymentInvoiceServiceTests.test_payment_invoice_consume_cannot_reuse) ... ok
test_payment_invoice_create_and_consume (orders.tests.PaymentInvoiceServiceTests.test_payment_invoice_create_and_consume) ... ok
test_post_accepts_and_deduplicates (webhooks.tests.MetaWebhookIngestApiTests.test_post_accepts_and_deduplicates) ... ok
test_post_rejects_invalid_signature (webhooks.tests.MetaWebhookIngestApiTests.test_post_rejects_invalid_signature) ... ok
test_verification_requires_valid_token (webhooks.tests.MetaWebhookIngestApiTests.test_verification_requires_valid_token) ... ok
test_webhook_log_event_marks_duplicates (webhooks.tests.WebhookServicesTests.test_webhook_log_event_marks_duplicates) ... ok
test_webhook_signature_valid_supports_sha256_prefix (webhooks.tests.WebhookServicesTests.test_webhook_signature_valid_supports_sha256_prefix) ... ok
test_resolve_ai_model_handles_db_bootstrap_errors (ai.tests.AIModelRegistryResolverTests.test_resolve_ai_model_handles_db_bootstrap_errors) ... ok
test_resolve_ai_model_prefers_active_default (ai.tests.AIModelRegistryResolverTests.test_resolve_ai_model_prefers_active_default) ... ok
test_resolve_ai_model_returns_fallback_when_no_active_row (ai.tests.AIModelRegistryResolverTests.test_resolve_ai_model_returns_fallback_when_no_active_row) ... ok
test_ai_queues_are_declared (ai.tests.CeleryAiIsolationConfigTests.test_ai_queues_are_declared) ... ok
test_ai_routes_are_registered (ai.tests.CeleryAiIsolationConfigTests.test_ai_routes_are_registered) ... ok
test_baseline_ai_tasks_have_expected_queue_metadata (ai.tests.CeleryAiIsolationConfigTests.test_baseline_ai_tasks_have_expected_queue_metadata) ... ok

----------------------------------------------------------------------
Ran 80 tests in 7.911s

OK
Destroying test database for alias 'default' ('test_mohajon')...
 OK
System check identified no issues (0 silenced).
